// Vitest Snapshot v1, https://vitest.dev/guide/snapshot.html

exports[`CustomHeader > Should render component properly 1`] = `
<div>
  <div
    class="content-center"
  >
    <h1>
      Title test
    </h1>
  </div>
</div>
`;
